Running randomized tests: pool size == 10000, fill ratio == 0.250000, block size is from 1 to 1000, 10000 iterations
	=== next ===
	Test took 6.38ms.
	Average hole size: 2210.679300
	Average largest free block: 4569.536000
	Average allocated bytes: 2517.260400
	Average number of small blocks: 0.099900
	Failed allocations: 0
Running randomized tests: pool size == 10000, fill ratio == 0.250000, block size is from 1 to 2000, 10000 iterations
	=== next ===
	Test took 3.22ms.
	Average hole size: 3403.527600
	Average largest free block: 5283.465500
	Average allocated bytes: 2564.332300
	Average number of small blocks: 0.053700
	Failed allocations: 0
Running randomized tests: pool size == 10000, fill ratio == 0.250000, block size is from 1000 to 2000, 10000 iterations
	=== next ===
	Test took 1.72ms.
	Average hole size: 4320.698900
	Average largest free block: 5836.586900
	Average allocated bytes: 2441.850300
	Average number of small blocks: 0.000000
	Failed allocations: 0
Running randomized tests: pool size == 10000, fill ratio == 0.250000, block size is from 1 to 3000, 10000 iterations
	=== next ===
	Test took 2.52ms.
	Average hole size: 4575.659200
	Average largest free block: 5860.847100
	Average allocated bytes: 2574.021100
	Average number of small blocks: 0.043400
	Failed allocations: 0
Running randomized tests: pool size == 10000, fill ratio == 0.250000, block size is from 1 to 4000, 10000 iterations
	=== next ===
	Test took 3.79ms.
	Average hole size: 5365.806200
	Average largest free block: 6304.610200
	Average allocated bytes: 2581.996200
	Average number of small blocks: 0.052400
	Failed allocations: 4
Running randomized tests: pool size == 10000, fill ratio == 0.250000, block size is from 1 to 5000, 10000 iterations
	=== next ===
	Test took 2.86ms.
	Average hole size: 5893.323300
	Average largest free block: 6575.069500
	Average allocated bytes: 2649.549800
	Average number of small blocks: 0.046600
	Failed allocations: 28
Running randomized tests: pool size == 10000, fill ratio == 0.500000, block size is from 1 to 1000, 10000 iterations
	=== next ===
	Test took 9.20ms.
	Average hole size: 862.014800
	Average largest free block: 2031.419000
	Average allocated bytes: 5008.965800
	Average number of small blocks: 0.391900
	Failed allocations: 2
Running randomized tests: pool size == 10000, fill ratio == 0.500000, block size is from 1 to 2000, 10000 iterations
	=== next ===
	Test took 6.89ms.
	Average hole size: 1567.376300
	Average largest free block: 2778.966300
	Average allocated bytes: 5013.504600
	Average number of small blocks: 0.205200
	Failed allocations: 63
Running randomized tests: pool size == 10000, fill ratio == 0.500000, block size is from 1000 to 2000, 10000 iterations
	=== next ===
	Test took 5.56ms.
	Average hole size: 2064.230400
	Average largest free block: 3141.802800
	Average allocated bytes: 5053.991800
	Average number of small blocks: 0.047100
	Failed allocations: 34
Running randomized tests: pool size == 10000, fill ratio == 0.500000, block size is from 1 to 3000, 10000 iterations
	=== next ===
	Test took 9.76ms.
	Average hole size: 2042.506300
	Average largest free block: 3178.497100
	Average allocated bytes: 4957.714000
	Average number of small blocks: 0.150100
	Failed allocations: 249
Running randomized tests: pool size == 10000, fill ratio == 0.500000, block size is from 1 to 4000, 10000 iterations
	=== next ===
	Test took 12.74ms.
	Average hole size: 2550.200000
	Average largest free block: 3618.782000
	Average allocated bytes: 4846.252400
	Average number of small blocks: 0.123900
	Failed allocations: 408
Running randomized tests: pool size == 10000, fill ratio == 0.500000, block size is from 1 to 5000, 10000 iterations
	=== next ===
	Test took 12.49ms.
	Average hole size: 3031.803000
	Average largest free block: 3955.677600
	Average allocated bytes: 4706.378800
	Average number of small blocks: 0.103900
	Failed allocations: 675
Running randomized tests: pool size == 10000, fill ratio == 0.500000, block size is from 1000 to 1000, 10000 iterations
	=== next ===
	Test took 4.48ms.
	Average hole size: 2373.461800
	Average largest free block: 3364.500000
	Average allocated bytes: 4499.200000
	Average number of small blocks: 0.000000
	Failed allocations: 0
Running randomized tests: pool size == 10000, fill ratio == 0.750000, block size is from 1 to 1000, 10000 iterations
	=== next ===
	Test took 36.01ms.
	Average hole size: 292.763000
	Average largest free block: 779.167300
	Average allocated bytes: 7321.859500
	Average number of small blocks: 2.345300
	Failed allocations: 1092
Running randomized tests: pool size == 10000, fill ratio == 0.750000, block size is from 500 to 1000, 10000 iterations
	=== next ===
	Test took 19.31ms.
	Average hole size: 467.102500
	Average largest free block: 1023.418700
	Average allocated bytes: 7341.944300
	Average number of small blocks: 0.840100
	Failed allocations: 749
Running randomized tests: pool size == 10000, fill ratio == 0.750000, block size is from 1 to 2000, 10000 iterations
	=== next ===
	Test took 35.62ms.
	Average hole size: 569.915600
	Average largest free block: 1260.752700
	Average allocated bytes: 6937.658600
	Average number of small blocks: 1.294100
	Failed allocations: 1809
Running randomized tests: pool size == 10000, fill ratio == 0.900000, block size is from 1 to 500, 10000 iterations
	=== next ===
	Test took 97.44ms.
	Average hole size: 86.028700
	Average largest free block: 266.396900
	Average allocated bytes: 8153.609100
	Average number of small blocks: 14.888700
	Failed allocations: 3281
